localhost - - [24/Mar/2025:16:39:36 +0000] "POST /media//1.ts HTTP/1.1" 406 5115513 "http://mail.google.com/" "Mozilla/4.0 (compatible; MSIE 7.0; Windows NT 10.0; WOW64; Trident/7.0; .NET4.0C; .NET4.0E; .NET CLR 2.0.50727; .NET CLR 3.0.30729; .NET CLR 3.5.30729; InfoPath.3; Zoom 3.6.0; Zoom 3.6.0; Microsoft Outlook 15.0.5337; Microsoft Outlook 15.0.5337; ms-office; MSOffice 15)"
example.com - - [24/Mar/2025:16:39:36 +0000] "GET /pics/2.jpg HTTP/1.1" 238 5210778 "http://mail.google.com/" "Mozilla/5.0 (Windows NT 5.1; Win64; x64) AppleWebKit/537.36 (KHTML, like Gecko) Chrome/60.0.3112.90 Safari/537.36"
127.0.0.1 - - [24/Mar/2025:16:39:37 +0000] "POST /Pics/3.jpg HTTP/1.1" 570 4894424 "http://mail.google.com/" "-"
127.0.0.1 - - [24/Mar/2025:16:39:37 +0000] "GET /pages/create/ HTTP/1.1" 181 8040992 "-" "Mozilla/4.0 (compatible; ms-office; MSOffice 16)"
example.com - - [24/Mar/2025:16:39:38 +0000] "POST /pages/create/ HTTP/1.1" 215 4131782 "-" "Mozilla/4.0 (compatible; ms-office; MSOffice 16)"
localhost - - [24/Mar/2025:16:39:39 +0000] "POST /api/delete/1234 HTTP/1.1" 192 9036013 "http://mail.google.com/" "-"
example.com - - [24/Mar/2025:16:39:39 +0000] "GET /pages/create/ HTTP/1.1" 194 5245177 "-" "Mozilla/5.0 (Windows NT 5.1; Win64; x64) AppleWebKit/537.36 (KHTML, like Gecko) Chrome/60.0.3112.90 Safari/537.36"
127.0.0.1 - - [24/Mar/2025:16:39:40 +0000] "POST /pics/2.jpg HTTP/1.1" 300 5708217 "-" "-"
example.com - - [24/Mar/2025:16:39:41 +0000] "GET /pics/2.jpg HTTP/1.1" 243 3253494 "http://mail.google.com/" "Mozilla/4.0 (compatible; MSIE 7.0; Windows NT 10.0; WOW64; Trident/7.0; .NET4.0C; .NET4.0E; .NET CLR 2.0.50727; .NET CLR 3.0.30729; .NET CLR 3.5.30729; InfoPath.3; Zoom 3.6.0; Zoom 3.6.0; Microsoft Outlook 15.0.5337; Microsoft Outlook 15.0.5337; ms-office; MSOffice 15)"
localhost - - [24/Mar/2025:16:39:42 +0000] "GET /pages/create/ HTTP/1.1" 228 1043755 "http://mail.google.com/" "Mozilla/5.0 (Windows NT 5.1; Win64; x64) AppleWebKit/537.36 (KHTML, like Gecko) Chrome/60.0.3112.90 Safari/537.36"
example.com - - [24/Mar/2025:16:39:42 +0000] "GET /pics/1.jpg HTTP/1.1" 241 8066863 "http://mail.google.com/" "Mozilla/5.0 (Windows NT 5.1; Win64; x64) AppleWebKit/537.36 (KHTML, like Gecko) Chrome/60.0.3112.90 Safari/537.36"
example.com - - [24/Mar/2025:16:39:42 +0000] "POST /pics/2.jpg HTTP/1.1" 563 7846656 "http://mail.google.com/" "-"
127.0.0.1 - - [24/Mar/2025:16:39:43 +0000] "POST /pics/1.jpg HTTP/1.1" 134 5248280 "-" "-"
localhost - - [24/Mar/2025:16:39:43 +0000] "GET /Pics/3.jpg HTTP/1.1" 337 2037799 "http://mail.google.com/" "-"
127.0.0.1 - - [24/Mar/2025:16:39:44 +0000] "POST /Pics/3.jpg HTTP/1.1" 243 8321744 "http://mail.google.com/" "-"
127.0.0.1 - - [24/Mar/2025:16:39:45 +0000] "GET /Pics/3.jpg HTTP/1.1" 412 1012005 "http://mail.google.com/" "Mozilla/4.0 (compatible; ms-office; MSOffice 16)"
127.0.0.1 - - [24/Mar/2025:16:39:46 +0000] "POST /media//1.ts HTTP/1.1" 375 7987391 "http://mail.google.com/" "Mozilla/4.0 (compatible; MSIE 7.0; Windows NT 10.0; WOW64; Trident/7.0; .NET4.0C; .NET4.0E; .NET CLR 2.0.50727; .NET CLR 3.0.30729; .NET CLR 3.5.30729; InfoPath.3; Zoom 3.6.0; Zoom 3.6.0; Microsoft Outlook 15.0.5337; Microsoft Outlook 15.0.5337; ms-office; MSOffice 15)"
example.com - - [24/Mar/2025:16:39:47 +0000] "GET /api/delete/1234 HTTP/1.1" 485 2707622 "-" "-"
example.com - - [24/Mar/2025:16:39:47 +0000] "GET /// HTTP/1.1" 147 7131721 "-" "Mozilla/5.0 (Windows NT 5.1; Win64; x64) AppleWebKit/537.36 (KHTML, like Gecko) Chrome/60.0.3112.90 Safari/537.36"
localhost - - [24/Mar/2025:16:39:48 +0000] "GET /Pics/3.jpg HTTP/1.1" 451 6385104 "http://mail.google.com/" "-"
localhost - - [24/Mar/2025:16:39:49 +0000] "POST /pics/2.jpg HTTP/1.1" 561 2523781 "-" "Mozilla/5.0 (Windows NT 5.1; Win64; x64) AppleWebKit/537.36 (KHTML, like Gecko) Chrome/60.0.3112.90 Safari/537.36"
127.0.0.1 - - [24/Mar/2025:16:39:49 +0000] "GET /media//1.ts HTTP/1.1" 331 5830324 "-" "Mozilla/4.0 (compatible; MSIE 7.0; Windows NT 10.0; WOW64; Trident/7.0; .NET4.0C; .NET4.0E; .NET CLR 2.0.50727; .NET CLR 3.0.30729; .NET CLR 3.5.30729; InfoPath.3; Zoom 3.6.0; Zoom 3.6.0; Microsoft Outlook 15.0.5337; Microsoft Outlook 15.0.5337; ms-office; MSOffice 15)"
example.com - - [24/Mar/2025:16:39:50 +0000] "GET /pics/2.jpg HTTP/1.1" 104 7499071 "-" "Mozilla/5.0 (Windows NT 5.1; Win64; x64) AppleWebKit/537.36 (KHTML, like Gecko) Chrome/60.0.3112.90 Safari/537.36"
127.0.0.1 - - [24/Mar/2025:16:39:50 +0000] "POST /api/create HTTP/1.1" 599 2655537 "http://mail.google.com/" "Mozilla/5.0 (Windows NT 5.1; Win64; x64) AppleWebKit/537.36 (KHTML, like Gecko) Chrome/60.0.3112.90 Safari/537.36"
example.com - - [24/Mar/2025:16:39:50 +0000] "POST /// HTTP/1.1" 172 4124975 "http://mail.google.com/" "Mozilla/5.0 (Windows NT 5.1; Win64; x64) AppleWebKit/537.36 (KHTML, like Gecko) Chrome/60.0.3112.90 Safari/537.36"
example.com - - [24/Mar/2025:16:39:51 +0000] "POST /Pics/3.jpg HTTP/1.1" 285 1253781 "-" "-"
localhost - - [24/Mar/2025:16:39:51 +0000] "POST /api/delete/1234 HTTP/1.1" 314 6790773 "-" "Mozilla/4.0 (compatible; MSIE 7.0; Windows NT 10.0; WOW64; Trident/7.0; .NET4.0C; .NET4.0E; .NET CLR 2.0.50727; .NET CLR 3.0.30729; .NET CLR 3.5.30729; InfoPath.3; Zoom 3.6.0; Zoom 3.6.0; Microsoft Outlook 15.0.5337; Microsoft Outlook 15.0.5337; ms-office; MSOffice 15)"
127.0.0.1 - - [24/Mar/2025:16:39:51 +0000] "POST /Pics/3.jpg HTTP/1.1" 282 3425092 "-" "Mozilla/4.0 (compatible; ms-office; MSOffice 16)"
example.com - - [24/Mar/2025:16:39:52 +0000] "POST /pics/1.jpg HTTP/1.1" 567 9117981 "http://mail.google.com/" "Mozilla/4.0 (compatible; MSIE 7.0; Windows NT 10.0; WOW64; Trident/7.0; .NET4.0C; .NET4.0E; .NET CLR 2.0.50727; .NET CLR 3.0.30729; .NET CLR 3.5.30729; InfoPath.3; Zoom 3.6.0; Zoom 3.6.0; Microsoft Outlook 15.0.5337; Microsoft Outlook 15.0.5337; ms-office; MSOffice 15)"
example.com - - [24/Mar/2025:16:39:52 +0000] "POST /// HTTP/1.1" 492 8995968 "http://mail.google.com/" "Mozilla/4.0 (compatible; MSIE 7.0; Windows NT 10.0; WOW64; Trident/7.0; .NET4.0C; .NET4.0E; .NET CLR 2.0.50727; .NET CLR 3.0.30729; .NET CLR 3.5.30729; InfoPath.3; Zoom 3.6.0; Zoom 3.6.0; Microsoft Outlook 15.0.5337; Microsoft Outlook 15.0.5337; ms-office; MSOffice 15)"
localhost - - [24/Mar/2025:16:39:53 +0000] "GET /// HTTP/1.1" 193 800564 "-" "Mozilla/4.0 (compatible; MSIE 7.0; Windows NT 10.0; WOW64; Trident/7.0; .NET4.0C; .NET4.0E; .NET CLR 2.0.50727; .NET CLR 3.0.30729; .NET CLR 3.5.30729; InfoPath.3; Zoom 3.6.0; Zoom 3.6.0; Microsoft Outlook 15.0.5337; Microsoft Outlook 15.0.5337; ms-office; MSOffice 15)"
localhost - - [24/Mar/2025:16:39:53 +0000] "POST /media/media%201.ts HTTP/1.1" 104 8027502 "-" "Mozilla/4.0 (compatible; MSIE 7.0; Windows NT 10.0; WOW64; Trident/7.0; .NET4.0C; .NET4.0E; .NET CLR 2.0.50727; .NET CLR 3.0.30729; .NET CLR 3.5.30729; InfoPath.3; Zoom 3.6.0; Zoom 3.6.0; Microsoft Outlook 15.0.5337; Microsoft Outlook 15.0.5337; ms-office; MSOffice 15)"
127.0.0.1 - - [24/Mar/2025:16:39:54 +0000] "GET /pics/2.jpg HTTP/1.1" 454 7059545 "http://mail.google.com/" "-"
localhost - - [24/Mar/2025:16:39:54 +0000] "POST /pics/1.jpg HTTP/1.1" 537 2007266 "-" "-"
localhost - - [24/Mar/2025:16:39:54 +0000] "GET /Pics/3.jpg HTTP/1.1" 172 7185039 "-" "Mozilla/5.0 (Windows NT 5.1; Win64; x64) AppleWebKit/537.36 (KHTML, like Gecko) Chrome/60.0.3112.90 Safari/537.36"
localhost - - [24/Mar/2025:16:39:55 +0000] "POST /pics/2.jpg HTTP/1.1" 133 6055633 "-" "Mozilla/4.0 (compatible; MSIE 7.0; Windows NT 10.0; WOW64; Trident/7.0; .NET4.0C; .NET4.0E; .NET CLR 2.0.50727; .NET CLR 3.0.30729; .NET CLR 3.5.30729; InfoPath.3; Zoom 3.6.0; Zoom 3.6.0; Microsoft Outlook 15.0.5337; Microsoft Outlook 15.0.5337; ms-office; MSOffice 15)"
localhost - - [24/Mar/2025:16:39:56 +0000] "POST /pics/1.jpg HTTP/1.1" 134 9495692 "-" "Mozilla/4.0 (compatible; MSIE 7.0; Windows NT 10.0; WOW64; Trident/7.0; .NET4.0C; .NET4.0E; .NET CLR 2.0.50727; .NET CLR 3.0.30729; .NET CLR 3.5.30729; InfoPath.3; Zoom 3.6.0; Zoom 3.6.0; Microsoft Outlook 15.0.5337; Microsoft Outlook 15.0.5337; ms-office; MSOffice 15)"
127.0.0.1 - - [24/Mar/2025:16:39:56 +0000] "POST /pages/create/ HTTP/1.1" 226 6889314 "http://mail.google.com/" "Mozilla/4.0 (compatible; ms-office; MSOffice 16)"
localhost - - [24/Mar/2025:16:39:56 +0000] "POST /api/delete/1234 HTTP/1.1" 512 1627975 "-" "-"
